// Jest Snapshot v1, https://goo.gl/fbAQLP

exports[`Elevation Tokens should create the tokens 1`] = `
"{
  \\"test\\": {
    \\"elevation\\": {
      \\"dp-2\\": {
        \\"canvas\\": {
          \\"value\\": \\"{scheme.elevation.dp-2.canvas.value}\\"
        },
        \\"filter\\": {
          \\"value\\": \\"{scheme.elevation.dp-2.filter.value}\\"
        }
      },
      \\"dp-4\\": {
        \\"canvas\\": {
          \\"value\\": \\"{scheme.elevation.dp-4.canvas.value}\\"
        },
        \\"filter\\": {
          \\"value\\": \\"{scheme.elevation.dp-4.filter.value}\\"
        }
      },
      \\"dp-8\\": {
        \\"canvas\\": {
          \\"value\\": \\"{scheme.elevation.dp-8.canvas.value}\\"
        },
        \\"filter\\": {
          \\"value\\": \\"{scheme.elevation.dp-8.filter.value}\\"
        }
      },
      \\"dp-12\\": {
        \\"canvas\\": {
          \\"value\\": \\"{scheme.elevation.dp-12.canvas.value}\\"
        },
        \\"filter\\": {
          \\"value\\": \\"{scheme.elevation.dp-12.filter.value}\\"
        }
      },
      \\"dp-16\\": {
        \\"canvas\\": {
          \\"value\\": \\"{scheme.elevation.dp-16.canvas.value}\\"
        },
        \\"filter\\": {
          \\"value\\": \\"{scheme.elevation.dp-16.filter.value}\\"
        }
      },
      \\"dp-24\\": {
        \\"canvas\\": {
          \\"value\\": \\"{scheme.elevation.dp-24.canvas.value}\\"
        },
        \\"filter\\": {
          \\"value\\": \\"{scheme.elevation.dp-24.filter.value}\\"
        }
      }
    }
  }
}"
`;
